// Jest Snapshot v1, https://goo.gl/fbAQLP

exports[`renders Hello World 1`] = `
<div>
  Hello World
</div>
`;
